[INFO] Scanning for projects...
[INFO] 
[INFO] -----------------< com.hostelconnect:hostelconnect-gh >-----------------
[INFO] Building hostelconnect-gh 0.0.1-SNAPSHOT
[INFO]   from pom.xml
[INFO] --------------------------------[ jar ]---------------------------------
[INFO] 
[INFO] --- clean:3.3.2:clean (default-clean) @ hostelconnect-gh ---
[INFO] Deleting D:\HOSTEL_HIVE\target
[INFO] 
[INFO] --- resources:3.3.1:resources (default-resources) @ hostelconnect-gh ---
[INFO] Copying 2 resources from src\main\resources to target\classes
[INFO] Copying 13 resources from src\main\resources to target\classes
[INFO] 
[INFO] --- compiler:3.13.0:compile (default-compile) @ hostelconnect-gh ---
[INFO] Recompiling the module because of changed source code.
[INFO] Compiling 100 source files with javac [debug parameters release 17] to target\classes
mvn : WARNING: A terminally deprecated 
method in sun.misc.Unsafe has been called
At line:1 char:1
+ mvn clean compile > 
D:\HOSTEL_HIVE\build_output.txt 2>&1; 
Get-Content ...
+ ~~~~~~~~~~~~~~~~~~~~~~~~~~~~~~~~~~~~~~~~~~~
~~~~~~~~~~~~~
    + CategoryInfo          : NotSpecified:  
   (WARNING: A term...has been called:Strin  
  g) [], RemoteException
    + FullyQualifiedErrorId : NativeCommandE 
   rror
 
WARNING: sun.misc.Unsafe::objectFieldOffset 
has been called by lombok.permit.Permit
WARNING: Please consider reporting this to 
the maintainers of class lombok.permit.Permit
WARNING: sun.misc.Unsafe::objectFieldOffset 
will be removed in a future release
[INFO] /D:/HOSTEL_HIVE/src/main/java/com/hostelconnect/security/RateLimitFilter.java: D:\HOSTEL_HIVE\src\main\java\com\hostelconnect\security\RateLimitFilter.java uses or overrides a deprecated API.
[INFO] /D:/HOSTEL_HIVE/src/main/java/com/hostelconnect/security/RateLimitFilter.java: Recompile with -Xlint:deprecation for details.
[INFO] ------------------------------------------------------------------------
[INFO] BUILD SUCCESS
[INFO] ------------------------------------------------------------------------
[INFO] Total time:  11.539 s
[INFO] Finished at: 2026-02-26T00:42:22Z
[INFO] ------------------------------------------------------------------------
